Program
..FuncDecl
....FuncHeader
......Id(factorial)
......Int
......FuncParams
........ParamDecl
..........Int
..........Id(n)
..........Int
..........Id(c)
..........Int
..........Id(d)
....FuncBody
......If
........Eq
..........Id(n)
..........IntLit(0)
........Block
..........Return
............IntLit(1)
........Block
......Return
........Mul
..........Id(n)
..........Call
............Id(factorial)
............Sub
..............Id(n)
..............IntLit(1)
............Plus
..............Id(c)
..............Sub
................Mul
..................IntLit(1)
..................IntLit(3)
................Div
..................Id(d)
..................Id(c)
............Div
..............Id(d)
..............IntLit(2)
..FuncDecl
....FuncHeader
......Id(main)
......FuncParams
....FuncBody
......VarDecl
........Int
........Id(argument)
......ParseArgs
........Id(argument)
........IntLit(1)
......Print
........Call
..........Id(factorial)
..........Id(argument)
