Line 4, column 10: syntax error: mwer
Line 5, column 8: syntax error: w
Line 5, column 14: syntax error: e
