Line 4, column 11: syntax error: m
Line 4, column 11: syntax error: m
Line 4, column 11: syntax error: m
Line 5, column 9: syntax error: w
Line 5, column 9: syntax error: w
Line 5, column 9: syntax error: w
Line 5, column 15: syntax error: e
Line 5, column 15: syntax error: e
Line 5, column 15: syntax error: e
