INTLIT(0)
INTLIT(1)
INTLIT(2)
INTLIT(3)
INTLIT(4)
INTLIT(5)
INTLIT(6)
INTLIT(7)
INTLIT(8)
INTLIT(9)
INTLIT(10)
INTLIT(1)
ID(_1)
INTLIT(1)
ID(____2)
INTLIT(134)
ID(_123)
INTLIT(1)
ID(_0_3_0)
